WINDOW_INFO:cursor=73,26|viewport=134,27



nautilus@Nautilus:~/Nautilus/NautilusServer/screen_service_for_Nautilus$ aaaasaaaabcm
aaaasaaaabcm: command not found
nautilus@Nautilus:~/Nautilus/NautilusServer/screen_service_for_Nautilus$
nautilus@Nautilus:~/Nautilus/NautilusServer/screen_service_for_Nautilus$ m2$\x0D
m2$x0D: command not found
nautilus@Nautilus:~/Nautilus/NautilusServer/screen_service_for_Nautilus$
nautilus@Nautilus:~/Nautilus/NautilusServer/screen_service_for_Nautilus$ $\x0D$\x0D
$x0D$x0D: command not found
nautilus@Nautilus:~/Nautilus/NautilusServer/screen_service_for_Nautilus$ swsdf
swsdf: command not found
nautilus@Nautilus:~/Nautilus/NautilusServer/screen_service_for_Nautilus$ ls
original-screen                                    SSfN_InjectRightKeyIntoSTDINForTerminalWithID.sh
screen                                             SSfN_InjectSTDINForTerminalWithIDAndInjectedInput.sh
screen-master-modified-for-Nautilus.zip            SSfN_InjectUpKeyIntoSTDINForTerminalWithID.sh
screen-master-nautilus                             SSfN_ManuallyStartTerminalWithID.sh
screen-master-original.zip                         SSfN_PullDisplayForTerminalWithID.sh
SSfN_InjectBackspaceIntoSTDINForTerminalWithID.sh  _temp_screendump_Nautilus0
SSfN_InjectDownKeyIntoSTDINForTerminalWithID.sh    _temp_screendump_Nautilus1
SSfN_InjectEscapeIntoSTDINForTerminalWithID.sh     _temp_screendump_Nautilus2
SSfN_InjectLeftKeyIntoSTDINForTerminalWithID.sh    _temp_screendump_Nautilus20
SSfN_InjectReturnIntoSTDINForTerminalWithID.sh
nautilus@Nautilus:~/Nautilus/NautilusServer/screen_service_for_Nautilus$ hello
The program 'hello' can be found in the following packages:
 * hello
 * hello-traditional
Ask your administrator to install one of them
nautilus@Nautilus:~/Nautilus/NautilusServer/screen_service_for_Nautilus$ ls
original-screen                                    SSfN_InjectRightKeyIntoSTDINForTerminalWithID.sh
screen                                             SSfN_InjectSTDINForTerminalWithIDAndInjectedInput.sh
screen-master-modified-for-Nautilus.zip            SSfN_InjectUpKeyIntoSTDINForTerminalWithID.sh
screen-master-nautilus                             SSfN_ManuallyStartTerminalWithID.sh
screen-master-original.zip                         SSfN_PullDisplayForTerminalWithID.sh
SSfN_InjectBackspaceIntoSTDINForTerminalWithID.sh  _temp_screendump_Nautilus0
SSfN_InjectDownKeyIntoSTDINForTerminalWithID.sh    _temp_screendump_Nautilus1
SSfN_InjectEscapeIntoSTDINForTerminalWithID.sh     _temp_screendump_Nautilus2
SSfN_InjectLeftKeyIntoSTDINForTerminalWithID.sh    _temp_screendump_Nautilus20
SSfN_InjectReturnIntoSTDINForTerminalWithID.sh
nautilus@Nautilus:~/Nautilus/NautilusServer/screen_service_for_Nautilus$ ls
original-screen                                    SSfN_InjectRightKeyIntoSTDINForTerminalWithID.sh
screen                                             SSfN_InjectSTDINForTerminalWithIDAndInjectedInput.sh
screen-master-modified-for-Nautilus.zip            SSfN_InjectUpKeyIntoSTDINForTerminalWithID.sh
screen-master-nautilus                             SSfN_ManuallyStartTerminalWithID.sh
screen-master-original.zip                         SSfN_PullDisplayForTerminalWithID.sh
SSfN_InjectBackspaceIntoSTDINForTerminalWithID.sh  _temp_screendump_Nautilus0
SSfN_InjectDownKeyIntoSTDINForTerminalWithID.sh    _temp_screendump_Nautilus1
SSfN_InjectEscapeIntoSTDINForTerminalWithID.sh     _temp_screendump_Nautilus2
SSfN_InjectLeftKeyIntoSTDINForTerminalWithID.sh    _temp_screendump_Nautilus20
SSfN_InjectReturnIntoSTDINForTerminalWithID.sh
nautilus@Nautilus:~/Nautilus/NautilusServer/screen_service_for_Nautilus$ ls
original-screen                                    SSfN_InjectRightKeyIntoSTDINForTerminalWithID.sh
screen                                             SSfN_InjectSTDINForTerminalWithIDAndInjectedInput.sh
screen-master-modified-for-Nautilus.zip            SSfN_InjectUpKeyIntoSTDINForTerminalWithID.sh
screen-master-nautilus                             SSfN_ManuallyStartTerminalWithID.sh
screen-master-original.zip                         SSfN_PullDisplayForTerminalWithID.sh
SSfN_InjectBackspaceIntoSTDINForTerminalWithID.sh  _temp_screendump_Nautilus0
SSfN_InjectDownKeyIntoSTDINForTerminalWithID.sh    _temp_screendump_Nautilus1
SSfN_InjectEscapeIntoSTDINForTerminalWithID.sh     _temp_screendump_Nautilus2
SSfN_InjectLeftKeyIntoSTDINForTerminalWithID.sh    _temp_screendump_Nautilus20
SSfN_InjectReturnIntoSTDINForTerminalWithID.sh
nautilus@Nautilus:~/Nautilus/NautilusServer/screen_service_for_Nautilus$ aa
The program 'aa' is currently not installed. To run 'aa' please ask your administrator to install the package 'astronomical-almanac'
nautilus@Nautilus:~/Nautilus/NautilusServer/screen_service_for_Nautilus$ a
a: command not found
nautilus@Nautilus:~/Nautilus/NautilusServer/screen_service_for_Nautilus$ this
No command 'this' found, did you mean:
 Command 'thin' from package 'thin' (universe)
this: command not found
nautilus@Nautilus:~/Nautilus/NautilusServer/screen_service_for_Nautilus$  d
d: command not found
nautilus@Nautilus:~/Nautilus/NautilusServer/screen_service_for_Nautilus$ bb b"a""a""a""a""a"" ""a"" ""a"" ""a"" ""a"" ""a"" ""a"" ""a"
" ""a"" ""a"" ""a"" ""a"
The program 'bb' is currently not installed. To run 'bb' please ask your administrator to install the package 'bb'
  utilus@Nautilus:~/Nautilus/NautilusServer/screen_service_for_Nautilus$ "l""s"
original-screen                                    SSfN_InjectRightKeyIntoSTDINForTerminalWithID.sh
screen                                             SSfN_InjectSTDINForTerminalWithIDAndInjectedInput.sh
screen-master-modified-for-Nautilus.zip            SSfN_InjectUpKeyIntoSTDINForTerminalWithID.sh
screen-master-nautilus                             SSfN_ManuallyStartTerminalWithID.sh
screen-master-original.zip                         SSfN_PullDisplayForTerminalWithID.sh
SSfN_InjectBackspaceIntoSTDINForTerminalWithID.sh  _temp_screendump_Nautilus0
SSfN_InjectDownKeyIntoSTDINForTerminalWithID.sh    _temp_screendump_Nautilus1
SSfN_InjectEscapeIntoSTDINForTerminalWithID.sh     _temp_screendump_Nautilus2
SSfN_InjectLeftKeyIntoSTDINForTerminalWithID.sh    _temp_screendump_Nautilus20
SSfN_InjectReturnIntoSTDINForTerminalWithID.sh
nautilus@Nautilus:~/Nautilus/NautilusServer/screen_service_for_Nautilus$ "t""h""i""s"" ""i""s"" ""m""e"" ""t""y""p""i""n""g"
this is me typing: command not found
nautilus@Nautilus:~/Nautilus/NautilusServer/screen_service_for_Nautilus$ ls
original-screen                                    SSfN_InjectRightKeyIntoSTDINForTerminalWithID.sh
screen                                             SSfN_InjectSTDINForTerminalWithIDAndInjectedInput.sh
screen-master-modified-for-Nautilus.zip            SSfN_InjectUpKeyIntoSTDINForTerminalWithID.sh
screen-master-nautilus                             SSfN_ManuallyStartTerminalWithID.sh
screen-master-original.zip                         SSfN_PullDisplayForTerminalWithID.sh
SSfN_InjectBackspaceIntoSTDINForTerminalWithID.sh  _temp_screendump_Nautilus0
SSfN_InjectDownKeyIntoSTDINForTerminalWithID.sh    _temp_screendump_Nautilus1
SSfN_InjectEscapeIntoSTDINForTerminalWithID.sh     _temp_screendump_Nautilus2
SSfN_InjectLeftKeyIntoSTDINForTerminalWithID.sh    _temp_screendump_Nautilus20
SSfN_InjectReturnIntoSTDINForTerminalWithID.sh
nautilus@Nautilus:~/Nautilus/NautilusServer/screen_service_for_Nautilus$ vim hello


~
~
~
~
~
~
~
~
~
~
~
~
~
~
~
~
~
~
~
~
~
~
~
~
~
"hello" [New] 1L, 1C written
nautilus@Nautilus:~/Nautilus/NautilusServer/screen_service_for_Nautilus$ ls
hello                                              SSfN_InjectReturnIntoSTDINForTerminalWithID.sh
original-screen                                    SSfN_InjectRightKeyIntoSTDINForTerminalWithID.sh
screen                                             SSfN_InjectSTDINForTerminalWithIDAndInjectedInput.sh
screen-master-modified-for-Nautilus.zip            SSfN_InjectUpKeyIntoSTDINForTerminalWithID.sh
screen-master-nautilus                             SSfN_ManuallyStartTerminalWithID.sh
screen-master-original.zip                         SSfN_PullDisplayForTerminalWithID.sh
SSfN_InjectBackspaceIntoSTDINForTerminalWithID.sh  _temp_screendump_Nautilus0
SSfN_InjectDownKeyIntoSTDINForTerminalWithID.sh    _temp_screendump_Nautilus1
SSfN_InjectEscapeIntoSTDINForTerminalWithID.sh     _temp_screendump_Nautilus2
SSfN_InjectLeftKeyIntoSTDINForTerminalWithID.sh    _temp_screendump_Nautilus20
nautilus@Nautilus:~/Nautilus/NautilusServer/screen_service_for_Nautilus$ cat hello

nautilus@Nautilus:~/Nautilus/NautilusServer/screen_service_for_Nautilus$
