WINDOW_INFO:cursor=21,13|viewport=102,24
nautilus@Nautilus:~/Nautilus/NautilusServer/screen_service_for_Nautilus$ cd
nautilus@Nautilus:~$ ls
Nautilus  README.md  shinatra.sh  video360.mp4
nautilus@Nautilus:~$ ls
Nautilus  README.md  shinatra.sh  video360.mp4
nautilus@Nautilus:~$ ls
Nautilus  README.md  shinatra.sh  video360.mp4
nautilus@Nautilus:~$ eterttttt333eeesdfls
eterttttt333eeesdfls: command not found
nautilus@Nautilus:~$ ls
Nautilus  README.md  shinatra.sh  video360.mp4
nautilus@Nautilus:~$ ls
Nautilus  README.md  shinatra.sh  video360.mp4
nautilus@Nautilus:~$










