WINDOW_INFO:cursor=87,23|viewport=102,24
nautilus@Nautilus:~/Nautilus/NautilusServer/screen_service_for_Nautilus$ am5t
  5t: command not found
nautilus@Nautilus:~/Nautilus/NautilusServer/screen_service_for_Nautilus$ l
l: command not found
nautilus@Nautilus:~/Nautilus/NautilusServer/screen_service_for_Nautilus$ jkfgds
jkfgds: command not found
nautilus@Nautilus:~/Nautilus/NautilusServer/screen_service_for_Nautilus$ hello
The program 'hello' can be found in the following packages:
 * hello
 * hello-traditional
Ask your administrator to install one of them
nautilus@Nautilus:~/Nautilus/NautilusServer/screen_service_for_Nautilus$ vim test












  1
  2
  3
  4
  5 dsdf 23erthqweqw
~
~
~
~
~
~
~
~
~
~
~
~
~
~
~
~
~
~
"test" [New] 5L, 21C written
nautilus@Nautilus:~/Nautilus/NautilusServer/screen_service_for_Nautilus$
nautilus@Nautilus:~/Nautilus/NautilusServer/screen_service_for_Nautilus$
nautilus@Nautilus:~/Nautilus/NautilusServer/screen_service_for_Nautilus$
nautilus@Nautilus:~/Nautilus/NautilusServer/screen_service_for_Nautilus$
nautilus@Nautilus:~/Nautilus/NautilusServer/screen_service_for_Nautilus$
nautilus@Nautilus:~/Nautilus/NautilusServer/screen_service_for_Nautilus$
nautilus@Nautilus:~/Nautilus/NautilusServer/screen_service_for_Nautilus$
nautilus@Nautilus:~/Nautilus/NautilusServer/screen_service_for_Nautilus$
nautilus@Nautilus:~/Nautilus/NautilusServer/screen_service_for_Nautilus$
nautilus@Nautilus:~/Nautilus/NautilusServer/screen_service_for_Nautilus$
nautilus@Nautilus:~/Nautilus/NautilusServer/screen_service_for_Nautilus$
nautilus@Nautilus:~/Nautilus/NautilusServer/screen_service_for_Nautilus$
nautilus@Nautilus:~/Nautilus/NautilusServer/screen_service_for_Nautilus$
nautilus@Nautilus:~/Nautilus/NautilusServer/screen_service_for_Nautilus$
nautilus@Nautilus:~/Nautilus/NautilusServer/screen_service_for_Nautilus$
nautilus@Nautilus:~/Nautilus/NautilusServer/screen_service_for_Nautilus$
nautilus@Nautilus:~/Nautilus/NautilusServer/screen_service_for_Nautilus$
nautilus@Nautilus:~/Nautilus/NautilusServer/screen_service_for_Nautilus$
nautilus@Nautilus:~/Nautilus/NautilusServer/screen_service_for_Nautilus$
nautilus@Nautilus:~/Nautilus/NautilusServer/screen_service_for_Nautilus$
nautilus@Nautilus:~/Nautilus/NautilusServer/screen_service_for_Nautilus$
nautilus@Nautilus:~/Nautilus/NautilusServer/screen_service_for_Nautilus$
nautilus@Nautilus:~/Nautilus/NautilusServer/screen_service_for_Nautilus$
nautilus@Nautilus:~/Nautilus/NautilusServer/screen_service_for_Nautilus$
nautilus@Nautilus:~/Nautilus/NautilusServer/screen_service_for_Nautilus$
nautilus@Nautilus:~/Nautilus/NautilusServer/screen_service_for_Nautilus$
nautilus@Nautilus:~/Nautilus/NautilusServer/screen_service_for_Nautilus$
nautilus@Nautilus:~/Nautilus/NautilusServer/screen_service_for_Nautilus$
nautilus@Nautilus:~/Nautilus/NautilusServer/screen_service_for_Nautilus$
nautilus@Nautilus:~/Nautilus/NautilusServer/screen_service_for_Nautilus$
nautilus@Nautilus:~/Nautilus/NautilusServer/screen_service_for_Nautilus$
nautilus@Nautilus:~/Nautilus/NautilusServer/screen_service_for_Nautilus$
nautilus@Nautilus:~/Nautilus/NautilusServer/screen_service_for_Nautilus$
nautilus@Nautilus:~/Nautilus/NautilusServer/screen_service_for_Nautilus$
nautilus@Nautilus:~/Nautilus/NautilusServer/screen_service_for_Nautilus$
nautilus@Nautilus:~/Nautilus/NautilusServer/screen_service_for_Nautilus$
nautilus@Nautilus:~/Nautilus/NautilusServer/screen_service_for_Nautilus$
nautilus@Nautilus:~/Nautilus/NautilusServer/screen_service_for_Nautilus$
nautilus@Nautilus:~/Nautilus/NautilusServer/screen_service_for_Nautilus$
nautilus@Nautilus:~/Nautilus/NautilusServer/screen_service_for_Nautilus$
nautilus@Nautilus:~/Nautilus/NautilusServer/screen_service_for_Nautilus$
nautilus@Nautilus:~/Nautilus/NautilusServer/screen_service_for_Nautilus$
nautilus@Nautilus:~/Nautilus/NautilusServer/screen_service_for_Nautilus$
nautilus@Nautilus:~/Nautilus/NautilusServer/screen_service_for_Nautilus$
nautilus@Nautilus:~/Nautilus/NautilusServer/screen_service_for_Nautilus$
nautilus@Nautilus:~/Nautilus/NautilusServer/screen_service_for_Nautilus$
nautilus@Nautilus:~/Nautilus/NautilusServer/screen_service_for_Nautilus$
nautilus@Nautilus:~/Nautilus/NautilusServer/screen_service_for_Nautilus$
nautilus@Nautilus:~/Nautilus/NautilusServer/screen_service_for_Nautilus$
nautilus@Nautilus:~/Nautilus/NautilusServer/screen_service_for_Nautilus$
nautilus@Nautilus:~/Nautilus/NautilusServer/screen_service_for_Nautilus$
nautilus@Nautilus:~/Nautilus/NautilusServer/screen_service_for_Nautilus$
nautilus@Nautilus:~/Nautilus/NautilusServer/screen_service_for_Nautilus$
nautilus@Nautilus:~/Nautilus/NautilusServer/screen_service_for_Nautilus$
nautilus@Nautilus:~/Nautilus/NautilusServer/screen_service_for_Nautilus$
nautilus@Nautilus:~/Nautilus/NautilusServer/screen_service_for_Nautilus$
nautilus@Nautilus:~/Nautilus/NautilusServer/screen_service_for_Nautilus$
nautilus@Nautilus:~/Nautilus/NautilusServer/screen_service_for_Nautilus$
nautilus@Nautilus:~/Nautilus/NautilusServer/screen_service_for_Nautilus$
nautilus@Nautilus:~/Nautilus/NautilusServer/screen_service_for_Nautilus$
nautilus@Nautilus:~/Nautilus/NautilusServer/screen_service_for_Nautilus$
nautilus@Nautilus:~/Nautilus/NautilusServer/screen_service_for_Nautilus$
nautilus@Nautilus:~/Nautilus/NautilusServer/screen_service_for_Nautilus$
nautilus@Nautilus:~/Nautilus/NautilusServer/screen_service_for_Nautilus$
nautilus@Nautilus:~/Nautilus/NautilusServer/screen_service_for_Nautilus$ ls
hello
original-screen
screen
screen-master-modified-for-Nautilus.zip
screen-master-nautilus
screen-master-original.zip
SSfN_InjectBackspaceIntoSTDINForTerminalWithID.sh
SSfN_InjectDownKeyIntoSTDINForTerminalWithID.sh
SSfN_InjectEscapeIntoSTDINForTerminalWithID.sh
SSfN_InjectLeftKeyIntoSTDINForTerminalWithID.sh
SSfN_InjectReturnIntoSTDINForTerminalWithID.sh
SSfN_InjectRightKeyIntoSTDINForTerminalWithID.sh
SSfN_InjectSTDINForTerminalWithIDAndInjectedInput.sh
SSfN_InjectUpKeyIntoSTDINForTerminalWithID.sh
SSfN_ManuallyStartTerminalWithID.sh
SSfN_PullDisplayForTerminalWithID.sh
_temp_screendump_Nautilus0
_temp_screendump_Nautilus1
_temp_screendump_Nautilus2
_temp_screendump_Nautilus20
test
nautilus@Nautilus:~/Nautilus/NautilusServer/screen_service_for_Nautilus$ ls
hello
original-screen
screen
screen-master-modified-for-Nautilus.zip
screen-master-nautilus
screen-master-original.zip
SSfN_InjectBackspaceIntoSTDINForTerminalWithID.sh
SSfN_InjectDownKeyIntoSTDINForTerminalWithID.sh
SSfN_InjectEscapeIntoSTDINForTerminalWithID.sh
SSfN_InjectLeftKeyIntoSTDINForTerminalWithID.sh
SSfN_InjectReturnIntoSTDINForTerminalWithID.sh
SSfN_InjectRightKeyIntoSTDINForTerminalWithID.sh
SSfN_InjectSTDINForTerminalWithIDAndInjectedInput.sh
SSfN_InjectUpKeyIntoSTDINForTerminalWithID.sh
SSfN_ManuallyStartTerminalWithID.sh
SSfN_PullDisplayForTerminalWithID.sh
_temp_screendump_Nautilus0
_temp_screendump_Nautilus1
_temp_screendump_Nautilus2
_temp_screendump_Nautilus20
test
nautilus@Nautilus:~/Nautilus/NautilusServer/screen_service_for_Nautilus$  aasdasdasdasd
